guarded-run: campaign=voice-barge-20260910-a label=stage mode=cpu cpus=24-27
command: bash -c $'\n  set -euo pipefail\n  printf "export GUARD_GIT_HEAD=%s\\nexport GUARD_SOURCE_FP=%s\\nexport VOICE_TOOLS_CAMPAIGN=voice-barge-20260910-a\\n" "$GUARD_GIT_HEAD" "$GUARD_SOURCE_FP" > deploy/source.env\n  echo "--- staged tree identity ---"; git -C /mnt/inference-engine rev-parse HEAD >/dev/null 2>&1 || true\n  head -3 deploy/source.env\n  echo "--- deployment profile against staged bytes ---"\n  PYTHONDONTWRITEBYTECODE=1 python3 deploy/check_site.py --require-assets 2>&1 | tail -4\n  echo "--- does the NEW code understand the config it is about to run with? ---"\n  PYTHONDONTWRITEBYTECODE=1 python3 -u tools/voicectl.py --config config/host.toml doctor 2>&1 | tail -15\n'
--- staged tree identity ---
export GUARD_GIT_HEAD=9e7fa4891fb8e215bb186d580d14036ced9ccce7
export GUARD_SOURCE_FP=544d77803f3d0f257fb9f4d1ac6cc89c89f7ff99ef573d8dba9d36daa13e8967
export VOICE_TOOLS_CAMPAIGN=voice-barge-20260910-a
--- deployment profile against staged bytes ---
  ok   inputs bind deploy/site_config.py
  ok   inputs bind deploy/voice_stack.py
  ok   all 105 bound inputs exist on this machine
== PASS: 20 checks, 0 failures ==
--- does the NEW code understand the config it is about to run with? ---
tools (4): fetch_url, now, request_directory, search_notes
  fetch_url                          builtin
  now                                builtin
  request_directory                  builtin
  search_notes                       retrieval
limits: rounds=2 per_call=10.0s turn=150.0s result_chars=6000
warn: fetch_url is enabled for en.wikipedia.org
warn: ffmpeg is not on PATH; the bridge cannot decode uploads
fail: retrieval is enabled but var/notes.sqlite does not exist -- run: voicectl index build
doctor: FAIL
